Archive member included to satisfy reference by file (symbol)

../bsp//libhal_bsp.a(alt_main.o)
                              obj/default/crt0.o (alt_main)
../bsp//libhal_bsp.a(alt_usleep.o)
                              obj/default/main.o (symbol from plugin) (usleep)
../bsp//libhal_bsp.a(alt_sys_init.o)
                              ../bsp//libhal_bsp.a(alt_main.o) (alt_irq_init)
../bsp//libhal_bsp.a(altera_avalon_timer_ts.o)
                              obj/default/main.o (symbol from plugin) (alt_timestamp_start)
../bsp//libhal_bsp.a(altera_avalon_timer_vars.o)
                              ../bsp//libhal_bsp.a(alt_sys_init.o) (altera_avalon_timer_ts_freq)
../bsp//libhal_bsp.a(i2c_opencores.o)
                              obj/default/main.o (symbol from plugin) (I2C_init)
../bsp//libhal_bsp.a(mmc.o)   obj/default/src/sdcard.o (symbol from plugin) (mmc_init)
../bsp//libhal_bsp.a(ocsdc.o)
                              obj/default/main.o (symbol from plugin) (ocsdc_mmc_init)
../bsp//libhal_bsp.a(alt_busy_sleep.o)
                              ../bsp//libhal_bsp.a(alt_usleep.o) (alt_busy_sleep)
/opt/riscv/lib/gcc/riscv32-unknown-elf/14.2.0/libgcc.a(_bswapsi2.o)
                              ../bsp//libhal_bsp.a(mmc.o) (__bswapsi2)
/opt/riscv/lib/gcc/riscv32-unknown-elf/14.2.0/libgcc.a(_udivdi3.o)
                              ../bsp//libhal_bsp.a(mmc.o) (__udivdi3)
/opt/riscv/lib/gcc/riscv32-unknown-elf/14.2.0/libgcc.a(_clz.o)
                              /opt/riscv/lib/gcc/riscv32-unknown-elf/14.2.0/libgcc.a(_udivdi3.o) (__clz_tab)
/opt/riscv/lib/gcc/riscv32-unknown-elf/14.2.0/../../../../riscv32-unknown-elf/lib/libc_nano.a(libc_a-snprintf.o)
                              obj/default/main.o (symbol from plugin) (sniprintf)
/opt/riscv/lib/gcc/riscv32-unknown-elf/14.2.0/../../../../riscv32-unknown-elf/lib/libc_nano.a(libc_a-memcmp.o)
                              ../bsp//libhal_bsp.a(mmc.o) (memcmp)
/opt/riscv/lib/gcc/riscv32-unknown-elf/14.2.0/../../../../riscv32-unknown-elf/lib/libc_nano.a(libc_a-impure.o)
                              /opt/riscv/lib/gcc/riscv32-unknown-elf/14.2.0/../../../../riscv32-unknown-elf/lib/libc_nano.a(libc_a-snprintf.o) (_impure_ptr)
/opt/riscv/lib/gcc/riscv32-unknown-elf/14.2.0/../../../../riscv32-unknown-elf/lib/libc_nano.a(libc_a-memcpy-asm.o)
                              ../bsp//libhal_bsp.a(mmc.o) (memcpy)
/opt/riscv/lib/gcc/riscv32-unknown-elf/14.2.0/../../../../riscv32-unknown-elf/lib/libc_nano.a(libc_a-strcpy.o)
                              ../bsp//libhal_bsp.a(ocsdc.o) (strcpy)
/opt/riscv/lib/gcc/riscv32-unknown-elf/14.2.0/../../../../riscv32-unknown-elf/lib/libc_nano.a(libc_a-nano-svfprintf.o)
                              /opt/riscv/lib/gcc/riscv32-unknown-elf/14.2.0/../../../../riscv32-unknown-elf/lib/libc_nano.a(libc_a-snprintf.o) (_svfprintf_r)
/opt/riscv/lib/gcc/riscv32-unknown-elf/14.2.0/../../../../riscv32-unknown-elf/lib/libc_nano.a(libc_a-nano-vfprintf_i.o)
                              /opt/riscv/lib/gcc/riscv32-unknown-elf/14.2.0/../../../../riscv32-unknown-elf/lib/libc_nano.a(libc_a-nano-svfprintf.o) (_printf_i)
/opt/riscv/lib/gcc/riscv32-unknown-elf/14.2.0/../../../../riscv32-unknown-elf/lib/libc_nano.a(libc_a-memchr.o)
                              /opt/riscv/lib/gcc/riscv32-unknown-elf/14.2.0/../../../../riscv32-unknown-elf/lib/libc_nano.a(libc_a-nano-svfprintf.o) (memchr)
/opt/riscv/lib/gcc/riscv32-unknown-elf/14.2.0/../../../../riscv32-unknown-elf/lib/libc_nano.a(libc_a-memmove.o)
                              /opt/riscv/lib/gcc/riscv32-unknown-elf/14.2.0/../../../../riscv32-unknown-elf/lib/libc_nano.a(libc_a-nano-svfprintf.o) (memmove)
/opt/riscv/lib/gcc/riscv32-unknown-elf/14.2.0/../../../../riscv32-unknown-elf/lib/libc_nano.a(libc_a-freer.o)
                              /opt/riscv/lib/gcc/riscv32-unknown-elf/14.2.0/../../../../riscv32-unknown-elf/lib/libc_nano.a(libc_a-nano-svfprintf.o) (_free_r)
/opt/riscv/lib/gcc/riscv32-unknown-elf/14.2.0/../../../../riscv32-unknown-elf/lib/libc_nano.a(libc_a-mallocr.o)
                              /opt/riscv/lib/gcc/riscv32-unknown-elf/14.2.0/../../../../riscv32-unknown-elf/lib/libc_nano.a(libc_a-nano-svfprintf.o) (_malloc_r)
/opt/riscv/lib/gcc/riscv32-unknown-elf/14.2.0/../../../../riscv32-unknown-elf/lib/libc_nano.a(libc_a-mlock.o)
                              /opt/riscv/lib/gcc/riscv32-unknown-elf/14.2.0/../../../../riscv32-unknown-elf/lib/libc_nano.a(libc_a-freer.o) (__malloc_lock)
/opt/riscv/lib/gcc/riscv32-unknown-elf/14.2.0/../../../../riscv32-unknown-elf/lib/libc_nano.a(libc_a-reallocr.o)
                              /opt/riscv/lib/gcc/riscv32-unknown-elf/14.2.0/../../../../riscv32-unknown-elf/lib/libc_nano.a(libc_a-nano-svfprintf.o) (_realloc_r)
/opt/riscv/lib/gcc/riscv32-unknown-elf/14.2.0/../../../../riscv32-unknown-elf/lib/libc_nano.a(libc_a-sbrkr.o)
                              /opt/riscv/lib/gcc/riscv32-unknown-elf/14.2.0/../../../../riscv32-unknown-elf/lib/libc_nano.a(libc_a-mallocr.o) (_sbrk_r)
/opt/riscv/lib/gcc/riscv32-unknown-elf/14.2.0/../../../../riscv32-unknown-elf/lib/libc_nano.a(libc_a-msizer.o)
                              /opt/riscv/lib/gcc/riscv32-unknown-elf/14.2.0/../../../../riscv32-unknown-elf/lib/libc_nano.a(libc_a-reallocr.o) (_malloc_usable_size_r)
/opt/riscv/lib/gcc/riscv32-unknown-elf/14.2.0/../../../../riscv32-unknown-elf/lib/libc_nano.a(libc_a-reent.o)
                              /opt/riscv/lib/gcc/riscv32-unknown-elf/14.2.0/../../../../riscv32-unknown-elf/lib/libc_nano.a(libc_a-sbrkr.o) (errno)
/opt/riscv/lib/gcc/riscv32-unknown-elf/14.2.0/../../../../riscv32-unknown-elf/lib/libgloss_nano.a(riscv_libgloss_a-sys_sbrk.o)
                              /opt/riscv/lib/gcc/riscv32-unknown-elf/14.2.0/../../../../riscv32-unknown-elf/lib/libc_nano.a(libc_a-sbrkr.o) (_sbrk)
/opt/riscv/lib/gcc/riscv32-unknown-elf/14.2.0/../../../../riscv32-unknown-elf/lib/libc_nano.a(libc_a-errno.o)
                              /opt/riscv/lib/gcc/riscv32-unknown-elf/14.2.0/../../../../riscv32-unknown-elf/lib/libgloss_nano.a(riscv_libgloss_a-sys_sbrk.o) (__errno)
/opt/riscv/lib/gcc/riscv32-unknown-elf/14.2.0/../../../../riscv32-unknown-elf/lib/libc_nano.a(libc_a-vsnprintf.o)
                              /tmp/ccWbRqB7.ltrans0.ltrans.o (vsnprintf)
/opt/riscv/lib/gcc/riscv32-unknown-elf/14.2.0/../../../../riscv32-unknown-elf/lib/libc_nano.a(libc_a-strncpy.o)
                              /tmp/ccWbRqB7.ltrans0.ltrans.o (strncpy)
/opt/riscv/lib/gcc/riscv32-unknown-elf/14.2.0/../../../../riscv32-unknown-elf/lib/libc_nano.a(libc_a-strnlen.o)
                              /tmp/ccWbRqB7.ltrans0.ltrans.o (strnlen)
/opt/riscv/lib/gcc/riscv32-unknown-elf/14.2.0/../../../../riscv32-unknown-elf/lib/libc_nano.a(libc_a-strlen.o)
                              /tmp/ccWbRqB7.ltrans0.ltrans.o (strlen)

Discarded input sections

 .text          0x00000000        0x0 /tmp/ccWbRqB7.ltrans0.ltrans.o
 .data          0x00000000        0x0 /tmp/ccWbRqB7.ltrans0.ltrans.o
 .bss           0x00000000        0x0 /tmp/ccWbRqB7.ltrans0.ltrans.o
 .data          0x00000000        0x0 obj/default/crt0.o
 .bss           0x00000000        0x0 obj/default/crt0.o
 .data          0x00000000        0x0 ../bsp//libhal_bsp.a(alt_main.o)
 .bss           0x00000000        0x0 ../bsp//libhal_bsp.a(alt_main.o)
 .data          0x00000000        0x0 ../bsp//libhal_bsp.a(alt_usleep.o)
 .bss           0x00000000        0x0 ../bsp//libhal_bsp.a(alt_usleep.o)
 .data          0x00000000        0x0 ../bsp//libhal_bsp.a(alt_sys_init.o)
 .bss           0x00000000        0x0 ../bsp//libhal_bsp.a(alt_sys_init.o)
 .data          0x00000000        0x0 ../bsp//libhal_bsp.a(altera_avalon_timer_ts.o)
 .bss           0x00000000        0x0 ../bsp//libhal_bsp.a(altera_avalon_timer_ts.o)
 .text          0x00000000        0x0 ../bsp//libhal_bsp.a(altera_avalon_timer_vars.o)
 .data          0x00000000        0x0 ../bsp//libhal_bsp.a(altera_avalon_timer_vars.o)
 .bss           0x00000000        0x0 ../bsp//libhal_bsp.a(altera_avalon_timer_vars.o)
 .data          0x00000000        0x0 ../bsp//libhal_bsp.a(i2c_opencores.o)
 .bss           0x00000000        0x0 ../bsp//libhal_bsp.a(i2c_opencores.o)
 .data          0x00000000        0x0 ../bsp//libhal_bsp.a(mmc.o)
 .bss           0x00000000        0x0 ../bsp//libhal_bsp.a(mmc.o)
 .data          0x00000000        0x0 ../bsp//libhal_bsp.a(ocsdc.o)
 .text          0x00000000        0x0 ../bsp//libhal_bsp.a(alt_busy_sleep.o)
 .data          0x00000000        0x0 ../bsp//libhal_bsp.a(alt_busy_sleep.o)
 .bss           0x00000000        0x0 ../bsp//libhal_bsp.a(alt_busy_sleep.o)
 .data          0x00000000        0x0 /opt/riscv/lib/gcc/riscv32-unknown-elf/14.2.0/libgcc.a(_bswapsi2.o)
 .bss           0x00000000        0x0 /opt/riscv/lib/gcc/riscv32-unknown-elf/14.2.0/libgcc.a(_bswapsi2.o)
 .data          0x00000000        0x0 /opt/riscv/lib/gcc/riscv32-unknown-elf/14.2.0/libgcc.a(_udivdi3.o)
 .bss           0x00000000        0x0 /opt/riscv/lib/gcc/riscv32-unknown-elf/14.2.0/libgcc.a(_udivdi3.o)
 .eh_frame      0x00000000       0x38 /opt/riscv/lib/gcc/riscv32-unknown-elf/14.2.0/libgcc.a(_udivdi3.o)
 .text          0x00000000        0x0 /opt/riscv/lib/gcc/riscv32-unknown-elf/14.2.0/libgcc.a(_clz.o)
 .data          0x00000000        0x0 /opt/riscv/lib/gcc/riscv32-unknown-elf/14.2.0/libgcc.a(_clz.o)
 .bss           0x00000000        0x0 /opt/riscv/lib/gcc/riscv32-unknown-elf/14.2.0/libgcc.a(_clz.o)
 .text          0x00000000        0x0 /opt/riscv/lib/gcc/riscv32-unknown-elf/14.2.0/../../../../riscv32-unknown-elf/lib/libc_nano.a(libc_a-snprintf.o)
 .data          0x00000000        0x0 /opt/riscv/lib/gcc/riscv32-unknown-elf/14.2.0/../../../../riscv32-unknown-elf/lib/libc_nano.a(libc_a-snprintf.o)
 .bss           0x00000000        0x0 /opt/riscv/lib/gcc/riscv32-unknown-elf/14.2.0/../../../../riscv32-unknown-elf/lib/libc_nano.a(libc_a-snprintf.o)
 .text._snprintf_r
                0x00000000       0x6e /opt/riscv/lib/gcc/riscv32-unknown-elf/14.2.0/../../../../riscv32-unknown-elf/lib/libc_nano.a(libc_a-snprintf.o)
 .text          0x00000000        0x0 /opt/riscv/lib/gcc/riscv32-unknown-elf/14.2.0/../../../../riscv32-unknown-elf/lib/libc_nano.a(libc_a-memcmp.o)
 .data          0x00000000        0x0 /opt/riscv/lib/gcc/riscv32-unknown-elf/14.2.0/../../../../riscv32-unknown-elf/lib/libc_nano.a(libc_a-memcmp.o)
 .bss           0x00000000        0x0 /opt/riscv/lib/gcc/riscv32-unknown-elf/14.2.0/../../../../riscv32-unknown-elf/lib/libc_nano.a(libc_a-memcmp.o)
 .text          0x00000000        0x0 /opt/riscv/lib/gcc/riscv32-unknown-elf/14.2.0/../../../../riscv32-unknown-elf/lib/libc_nano.a(libc_a-impure.o)
 .data          0x00000000        0x0 /opt/riscv/lib/gcc/riscv32-unknown-elf/14.2.0/../../../../riscv32-unknown-elf/lib/libc_nano.a(libc_a-impure.o)
 .bss           0x00000000        0x0 /opt/riscv/lib/gcc/riscv32-unknown-elf/14.2.0/../../../../riscv32-unknown-elf/lib/libc_nano.a(libc_a-impure.o)
 .data          0x00000000        0x0 /opt/riscv/lib/gcc/riscv32-unknown-elf/14.2.0/../../../../riscv32-unknown-elf/lib/libc_nano.a(libc_a-memcpy-asm.o)
 .bss           0x00000000        0x0 /opt/riscv/lib/gcc/riscv32-unknown-elf/14.2.0/../../../../riscv32-unknown-elf/lib/libc_nano.a(libc_a-memcpy-asm.o)
 .text          0x00000000        0x0 /opt/riscv/lib/gcc/riscv32-unknown-elf/14.2.0/../../../../riscv32-unknown-elf/lib/libc_nano.a(libc_a-strcpy.o)
 .data          0x00000000        0x0 /opt/riscv/lib/gcc/riscv32-unknown-elf/14.2.0/../../../../riscv32-unknown-elf/lib/libc_nano.a(libc_a-strcpy.o)
 .bss           0x00000000        0x0 /opt/riscv/lib/gcc/riscv32-unknown-elf/14.2.0/../../../../riscv32-unknown-elf/lib/libc_nano.a(libc_a-strcpy.o)
 .text          0x00000000        0x0 /opt/riscv/lib/gcc/riscv32-unknown-elf/14.2.0/../../../../riscv32-unknown-elf/lib/libc_nano.a(libc_a-nano-svfprintf.o)
 .data          0x00000000        0x0 /opt/riscv/lib/gcc/riscv32-unknown-elf/14.2.0/../../../../riscv32-unknown-elf/lib/libc_nano.a(libc_a-nano-svfprintf.o)
 .bss           0x00000000        0x0 /opt/riscv/lib/gcc/riscv32-unknown-elf/14.2.0/../../../../riscv32-unknown-elf/lib/libc_nano.a(libc_a-nano-svfprintf.o)
 .text.__ssprint_r
                0x00000000      0x134 /opt/riscv/lib/gcc/riscv32-unknown-elf/14.2.0/../../../../riscv32-unknown-elf/lib/libc_nano.a(libc_a-nano-svfprintf.o)
 .text          0x00000000        0x0 /opt/riscv/lib/gcc/riscv32-unknown-elf/14.2.0/../../../../riscv32-unknown-elf/lib/libc_nano.a(libc_a-nano-vfprintf_i.o)
 .data          0x00000000        0x0 /opt/riscv/lib/gcc/riscv32-unknown-elf/14.2.0/../../../../riscv32-unknown-elf/lib/libc_nano.a(libc_a-nano-vfprintf_i.o)
 .bss           0x00000000        0x0 /opt/riscv/lib/gcc/riscv32-unknown-elf/14.2.0/../../../../riscv32-unknown-elf/lib/libc_nano.a(libc_a-nano-vfprintf_i.o)
 .text          0x00000000        0x0 /opt/riscv/lib/gcc/riscv32-unknown-elf/14.2.0/../../../../riscv32-unknown-elf/lib/libc_nano.a(libc_a-memchr.o)
 .data          0x00000000        0x0 /opt/riscv/lib/gcc/riscv32-unknown-elf/14.2.0/../../../../riscv32-unknown-elf/lib/libc_nano.a(libc_a-memchr.o)
 .bss           0x00000000        0x0 /opt/riscv/lib/gcc/riscv32-unknown-elf/14.2.0/../../../../riscv32-unknown-elf/lib/libc_nano.a(libc_a-memchr.o)
 .data          0x00000000        0x0 /opt/riscv/lib/gcc/riscv32-unknown-elf/14.2.0/../../../../riscv32-unknown-elf/lib/libc_nano.a(libc_a-memmove.o)
 .bss           0x00000000        0x0 /opt/riscv/lib/gcc/riscv32-unknown-elf/14.2.0/../../../../riscv32-unknown-elf/lib/libc_nano.a(libc_a-memmove.o)
 .text          0x00000000        0x0 /opt/riscv/lib/gcc/riscv32-unknown-elf/14.2.0/../../../../riscv32-unknown-elf/lib/libc_nano.a(libc_a-freer.o)
 .data          0x00000000        0x0 /opt/riscv/lib/gcc/riscv32-unknown-elf/14.2.0/../../../../riscv32-unknown-elf/lib/libc_nano.a(libc_a-freer.o)
 .bss           0x00000000        0x0 /opt/riscv/lib/gcc/riscv32-unknown-elf/14.2.0/../../../../riscv32-unknown-elf/lib/libc_nano.a(libc_a-freer.o)
 .text          0x00000000        0x0 /opt/riscv/lib/gcc/riscv32-unknown-elf/14.2.0/../../../../riscv32-unknown-elf/lib/libc_nano.a(libc_a-mallocr.o)
 .data          0x00000000        0x0 /opt/riscv/lib/gcc/riscv32-unknown-elf/14.2.0/../../../../riscv32-unknown-elf/lib/libc_nano.a(libc_a-mallocr.o)
 .bss           0x00000000        0x0 /opt/riscv/lib/gcc/riscv32-unknown-elf/14.2.0/../../../../riscv32-unknown-elf/lib/libc_nano.a(libc_a-mallocr.o)
 .text          0x00000000        0x0 /opt/riscv/lib/gcc/riscv32-unknown-elf/14.2.0/../../../../riscv32-unknown-elf/lib/libc_nano.a(libc_a-mlock.o)
 .data          0x00000000        0x0 /opt/riscv/lib/gcc/riscv32-unknown-elf/14.2.0/../../../../riscv32-unknown-elf/lib/libc_nano.a(libc_a-mlock.o)
 .bss           0x00000000        0x0 /opt/riscv/lib/gcc/riscv32-unknown-elf/14.2.0/../../../../riscv32-unknown-elf/lib/libc_nano.a(libc_a-mlock.o)
 .text          0x00000000        0x0 /opt/riscv/lib/gcc/riscv32-unknown-elf/14.2.0/../../../../riscv32-unknown-elf/lib/libc_nano.a(libc_a-reallocr.o)
 .data          0x00000000        0x0 /opt/riscv/lib/gcc/riscv32-unknown-elf/14.2.0/../../../../riscv32-unknown-elf/lib/libc_nano.a(libc_a-reallocr.o)
 .bss           0x00000000        0x0 /opt/riscv/lib/gcc/riscv32-unknown-elf/14.2.0/../../../../riscv32-unknown-elf/lib/libc_nano.a(libc_a-reallocr.o)
 .text          0x00000000        0x0 /opt/riscv/lib/gcc/riscv32-unknown-elf/14.2.0/../../../../riscv32-unknown-elf/lib/libc_nano.a(libc_a-sbrkr.o)
 .data          0x00000000        0x0 /opt/riscv/lib/gcc/riscv32-unknown-elf/14.2.0/../../../../riscv32-unknown-elf/lib/libc_nano.a(libc_a-sbrkr.o)
 .bss           0x00000000        0x0 /opt/riscv/lib/gcc/riscv32-unknown-elf/14.2.0/../../../../riscv32-unknown-elf/lib/libc_nano.a(libc_a-sbrkr.o)
 .text          0x00000000        0x0 /opt/riscv/lib/gcc/riscv32-unknown-elf/14.2.0/../../../../riscv32-unknown-elf/lib/libc_nano.a(libc_a-msizer.o)
 .data          0x00000000        0x0 /opt/riscv/lib/gcc/riscv32-unknown-elf/14.2.0/../../../../riscv32-unknown-elf/lib/libc_nano.a(libc_a-msizer.o)
 .bss           0x00000000        0x0 /opt/riscv/lib/gcc/riscv32-unknown-elf/14.2.0/../../../../riscv32-unknown-elf/lib/libc_nano.a(libc_a-msizer.o)
 .text          0x00000000        0x0 /opt/riscv/lib/gcc/riscv32-unknown-elf/14.2.0/../../../../riscv32-unknown-elf/lib/libc_nano.a(libc_a-reent.o)
 .data          0x00000000        0x0 /opt/riscv/lib/gcc/riscv32-unknown-elf/14.2.0/../../../../riscv32-unknown-elf/lib/libc_nano.a(libc_a-reent.o)
 .bss           0x00000000        0x0 /opt/riscv/lib/gcc/riscv32-unknown-elf/14.2.0/../../../../riscv32-unknown-elf/lib/libc_nano.a(libc_a-reent.o)
 .text._reclaim_reent
                0x00000000      0x108 /opt/riscv/lib/gcc/riscv32-unknown-elf/14.2.0/../../../../riscv32-unknown-elf/lib/libc_nano.a(libc_a-reent.o)
 .text          0x00000000        0x0 /opt/riscv/lib/gcc/riscv32-unknown-elf/14.2.0/../../../../riscv32-unknown-elf/lib/libc_nano.a(libc_a-vsnprintf.o)
 .data          0x00000000        0x0 /opt/riscv/lib/gcc/riscv32-unknown-elf/14.2.0/../../../../riscv32-unknown-elf/lib/libc_nano.a(libc_a-vsnprintf.o)
 .bss           0x00000000        0x0 /opt/riscv/lib/gcc/riscv32-unknown-elf/14.2.0/../../../../riscv32-unknown-elf/lib/libc_nano.a(libc_a-vsnprintf.o)
 .text          0x00000000        0x0 /opt/riscv/lib/gcc/riscv32-unknown-elf/14.2.0/../../../../riscv32-unknown-elf/lib/libc_nano.a(libc_a-strncpy.o)
 .data          0x00000000        0x0 /opt/riscv/lib/gcc/riscv32-unknown-elf/14.2.0/../../../../riscv32-unknown-elf/lib/libc_nano.a(libc_a-strncpy.o)
 .bss           0x00000000        0x0 /opt/riscv/lib/gcc/riscv32-unknown-elf/14.2.0/../../../../riscv32-unknown-elf/lib/libc_nano.a(libc_a-strncpy.o)
 .text          0x00000000        0x0 /opt/riscv/lib/gcc/riscv32-unknown-elf/14.2.0/../../../../riscv32-unknown-elf/lib/libc_nano.a(libc_a-strnlen.o)
 .data          0x00000000        0x0 /opt/riscv/lib/gcc/riscv32-unknown-elf/14.2.0/../../../../riscv32-unknown-elf/lib/libc_nano.a(libc_a-strnlen.o)
 .bss           0x00000000        0x0 /opt/riscv/lib/gcc/riscv32-unknown-elf/14.2.0/../../../../riscv32-unknown-elf/lib/libc_nano.a(libc_a-strnlen.o)
 .text          0x00000000        0x0 /opt/riscv/lib/gcc/riscv32-unknown-elf/14.2.0/../../../../riscv32-unknown-elf/lib/libc_nano.a(libc_a-strlen.o)
 .data          0x00000000        0x0 /opt/riscv/lib/gcc/riscv32-unknown-elf/14.2.0/../../../../riscv32-unknown-elf/lib/libc_nano.a(libc_a-strlen.o)
 .bss           0x00000000        0x0 /opt/riscv/lib/gcc/riscv32-unknown-elf/14.2.0/../../../../riscv32-unknown-elf/lib/libc_nano.a(libc_a-strlen.o)
 .text          0x00000000        0x0 /opt/riscv/lib/gcc/riscv32-unknown-elf/14.2.0/../../../../riscv32-unknown-elf/lib/libgloss_nano.a(riscv_libgloss_a-sys_sbrk.o)
 .data          0x00000000        0x0 /opt/riscv/lib/gcc/riscv32-unknown-elf/14.2.0/../../../../riscv32-unknown-elf/lib/libgloss_nano.a(riscv_libgloss_a-sys_sbrk.o)
 .bss           0x00000000        0x0 /opt/riscv/lib/gcc/riscv32-unknown-elf/14.2.0/../../../../riscv32-unknown-elf/lib/libgloss_nano.a(riscv_libgloss_a-sys_sbrk.o)
 .text          0x00000000        0x0 /opt/riscv/lib/gcc/riscv32-unknown-elf/14.2.0/../../../../riscv32-unknown-elf/lib/libc_nano.a(libc_a-errno.o)
 .data          0x00000000        0x0 /opt/riscv/lib/gcc/riscv32-unknown-elf/14.2.0/../../../../riscv32-unknown-elf/lib/libc_nano.a(libc_a-errno.o)
 .bss           0x00000000        0x0 /opt/riscv/lib/gcc/riscv32-unknown-elf/14.2.0/../../../../riscv32-unknown-elf/lib/libc_nano.a(libc_a-errno.o)

Memory Configuration

Name             Origin             Length             Attributes
IRAM             0x10200000         0x00008000
*default*        0x00000000         0xffffffff

Linker script and memory map

LOAD obj/default/main.o
LOAD /tmp/ccWbRqB7.ltrans0.ltrans.o
LOAD obj/default/src/flash.o
LOAD obj/default/src/lcd.o
LOAD obj/default/src/sdcard.o
LOAD obj/default/src/utils.o
LOAD obj/default/crt0.o
LOAD obj/default/sh1107.o
LOAD obj/default/st7032.o
LOAD ../bsp//libhal_bsp.a
LOAD /opt/riscv/lib/gcc/riscv32-unknown-elf/14.2.0/../../../../riscv32-unknown-elf/lib/libstdc++.a
LOAD /opt/riscv/lib/gcc/riscv32-unknown-elf/14.2.0/../../../../riscv32-unknown-elf/lib/libm_nano.a
LOAD /opt/riscv/lib/gcc/riscv32-unknown-elf/14.2.0/libgcc.a
LOAD /opt/riscv/lib/gcc/riscv32-unknown-elf/14.2.0/../../../../riscv32-unknown-elf/lib/libc_nano.a
LOAD /opt/riscv/lib/gcc/riscv32-unknown-elf/14.2.0/libgcc.a
START GROUP
LOAD /opt/riscv/lib/gcc/riscv32-unknown-elf/14.2.0/libgcc.a
LOAD /opt/riscv/lib/gcc/riscv32-unknown-elf/14.2.0/../../../../riscv32-unknown-elf/lib/libc_nano.a
LOAD /opt/riscv/lib/gcc/riscv32-unknown-elf/14.2.0/../../../../riscv32-unknown-elf/lib/libgloss_nano.a
END GROUP
START GROUP
LOAD /opt/riscv/lib/gcc/riscv32-unknown-elf/14.2.0/../../../../riscv32-unknown-elf/lib/libc.a
LOAD /opt/riscv/lib/gcc/riscv32-unknown-elf/14.2.0/../../../../riscv32-unknown-elf/lib/libgloss.a
LOAD /opt/riscv/lib/gcc/riscv32-unknown-elf/14.2.0/libgcc.a
LOAD /opt/riscv/lib/gcc/riscv32-unknown-elf/14.2.0/../../../../riscv32-unknown-elf/lib/libsupc++.a
END GROUP
                0x00000000                        __DYNAMIC = 0x0
                0x00001000                        _min_stack = 0x1000
                0x10208000                        _stack_start = (ORIGIN (IRAM) + LENGTH (IRAM))

.vectors        0x10200000       0x8c
                0x10200000                        . = ALIGN (0x4)
 *(.vectors)
 .vectors       0x10200000       0x8c obj/default/crt0.o

.text           0x1020008c     0x28b0
                0x1020008c                        . = ALIGN (0x4)
                0x1020008c                        _stext = .
 *(.rtext)
 .rtext         0x1020008c       0x30 /tmp/ccWbRqB7.ltrans0.ltrans.o
 .rtext         0x102000bc       0x42 ../bsp//libhal_bsp.a(altera_avalon_timer_ts.o)
                0x102000bc                alt_timestamp
 .rtext         0x102000fe       0x36 ../bsp//libhal_bsp.a(alt_busy_sleep.o)
                0x102000fe                alt_busy_sleep
 *(.rtext.*)
 *(.text)
 .text          0x10200134       0x4e obj/default/crt0.o
                0x10200160                _start
 .text          0x10200182       0x2a ../bsp//libhal_bsp.a(alt_main.o)
                0x10200182                alt_main
 .text          0x102001ac        0x2 ../bsp//libhal_bsp.a(alt_usleep.o)
                0x102001ac                usleep
 .text          0x102001ae       0x24 ../bsp//libhal_bsp.a(alt_sys_init.o)
                0x102001ae                alt_irq_init
                0x102001b0                alt_sys_init
 .text          0x102001d2       0x36 ../bsp//libhal_bsp.a(altera_avalon_timer_ts.o)
                0x102001d2                alt_timestamp_start
                0x102001fe                alt_timestamp_freq
 .text          0x10200208       0xd4 ../bsp//libhal_bsp.a(i2c_opencores.o)
                0x10200208                I2C_init
                0x10200232                I2C_start
                0x10200252                I2C_read
                0x1020026c                I2C_write
                0x1020028a                SPI_read
                0x102002b6                SPI_write
 .text          0x102002dc      0xa28 ../bsp//libhal_bsp.a(mmc.o)
                0x10200930                mmc_init
                0x10200afa                mmc_bread
                0x10200be6                print_mmcinfo
                0x10200be8                mmc_write_blocks
                0x10200c8a                mmc_bwrite
 .text          0x10200d04      0x1dc ../bsp//libhal_bsp.a(ocsdc.o)
                0x10200e54                flush_dcache_range
                0x10200e56                ocsdc_mmc_init
 .text          0x10200ee0       0x24 /opt/riscv/lib/gcc/riscv32-unknown-elf/14.2.0/libgcc.a(_bswapsi2.o)
                0x10200ee0                __bswapsi2
 .text          0x10200f04      0x35c /opt/riscv/lib/gcc/riscv32-unknown-elf/14.2.0/libgcc.a(_udivdi3.o)
                0x10200f04                __udivdi3
 .text          0x10201260       0x16 /opt/riscv/lib/gcc/riscv32-unknown-elf/14.2.0/../../../../riscv32-unknown-elf/lib/libc_nano.a(libc_a-memcpy-asm.o)
                0x10201260                memcpy
 .text          0x10201276       0x26 /opt/riscv/lib/gcc/riscv32-unknown-elf/14.2.0/../../../../riscv32-unknown-elf/lib/libc_nano.a(libc_a-memmove.o)
                0x10201276                memmove
 *(.text.*)
 .text.bswap32  0x1020129c       0x24 /tmp/ccWbRqB7.ltrans0.ltrans.o
 .text.flash_write_protect
                0x102012c0       0x9a /tmp/ccWbRqB7.ltrans0.ltrans.o
 .text.flash_erase_64k
                0x1020135a       0x5e /tmp/ccWbRqB7.ltrans0.ltrans.o
 .text.OLED_Write
                0x102013b8       0x20 /tmp/ccWbRqB7.ltrans0.ltrans.o
 .text.sdcard_check_crc
                0x102013d8       0x86 /tmp/ccWbRqB7.ltrans0.ltrans.o
 .text.dd_printf
                0x1020145e       0x7c /tmp/ccWbRqB7.ltrans0.ltrans.o
 .text.sdcard_read.constprop.0
                0x102014da       0x34 /tmp/ccWbRqB7.ltrans0.ltrans.o
 .text.sh1107_write.constprop.0
                0x1020150e      0x1a8 /tmp/ccWbRqB7.ltrans0.ltrans.o
 .text.startup.main
                0x102016b6      0x70e /tmp/ccWbRqB7.ltrans0.ltrans.o
                0x102016b6                main
 .text.snprintf
                0x10201dc4       0x72 /opt/riscv/lib/gcc/riscv32-unknown-elf/14.2.0/../../../../riscv32-unknown-elf/lib/libc_nano.a(libc_a-snprintf.o)
                0x10201dc4                snprintf
                0x10201dc4                sniprintf
 .text.memcmp   0x10201e36       0x26 /opt/riscv/lib/gcc/riscv32-unknown-elf/14.2.0/../../../../riscv32-unknown-elf/lib/libc_nano.a(libc_a-memcmp.o)
                0x10201e36                memcmp
 .text.strcpy   0x10201e5c       0x12 /opt/riscv/lib/gcc/riscv32-unknown-elf/14.2.0/../../../../riscv32-unknown-elf/lib/libc_nano.a(libc_a-strcpy.o)
                0x10201e5c                strcpy
 .text.__ssputs_r
                0x10201e6e       0xde /opt/riscv/lib/gcc/riscv32-unknown-elf/14.2.0/../../../../riscv32-unknown-elf/lib/libc_nano.a(libc_a-nano-svfprintf.o)
                0x10201e6e                __ssputs_r
 .text._svfprintf_r
                0x10201f4c      0x276 /opt/riscv/lib/gcc/riscv32-unknown-elf/14.2.0/../../../../riscv32-unknown-elf/lib/libc_nano.a(libc_a-nano-svfprintf.o)
                0x10201f4c                _svfprintf_r
                0x10201f4c                _svfiprintf_r
 .text._printf_common
                0x102021c2      0x10a /opt/riscv/lib/gcc/riscv32-unknown-elf/14.2.0/../../../../riscv32-unknown-elf/lib/libc_nano.a(libc_a-nano-vfprintf_i.o)
                0x102021c2                _printf_common
 .text._printf_i
                0x102022cc      0x26c /opt/riscv/lib/gcc/riscv32-unknown-elf/14.2.0/../../../../riscv32-unknown-elf/lib/libc_nano.a(libc_a-nano-vfprintf_i.o)
                0x102022cc                _printf_i
 .text.memchr   0x10202538       0x1a /opt/riscv/lib/gcc/riscv32-unknown-elf/14.2.0/../../../../riscv32-unknown-elf/lib/libc_nano.a(libc_a-memchr.o)
                0x10202538                memchr
 .text._free_r  0x10202552       0xa2 /opt/riscv/lib/gcc/riscv32-unknown-elf/14.2.0/../../../../riscv32-unknown-elf/lib/libc_nano.a(libc_a-freer.o)
                0x10202552                _free_r
 .text.sbrk_aligned
                0x102025f4       0x50 /opt/riscv/lib/gcc/riscv32-unknown-elf/14.2.0/../../../../riscv32-unknown-elf/lib/libc_nano.a(libc_a-mallocr.o)
 .text._malloc_r
                0x10202644      0x118 /opt/riscv/lib/gcc/riscv32-unknown-elf/14.2.0/../../../../riscv32-unknown-elf/lib/libc_nano.a(libc_a-mallocr.o)
                0x10202644                _malloc_r
 .text.__malloc_lock
                0x1020275c        0x2 /opt/riscv/lib/gcc/riscv32-unknown-elf/14.2.0/../../../../riscv32-unknown-elf/lib/libc_nano.a(libc_a-mlock.o)
                0x1020275c                __malloc_lock
 .text.__malloc_unlock
                0x1020275e        0x2 /opt/riscv/lib/gcc/riscv32-unknown-elf/14.2.0/../../../../riscv32-unknown-elf/lib/libc_nano.a(libc_a-mlock.o)
                0x1020275e                __malloc_unlock
 .text._realloc_r
                0x10202760       0x6c /opt/riscv/lib/gcc/riscv32-unknown-elf/14.2.0/../../../../riscv32-unknown-elf/lib/libc_nano.a(libc_a-reallocr.o)
                0x10202760                _realloc_r
 .text._sbrk_r  0x102027cc       0x2e /opt/riscv/lib/gcc/riscv32-unknown-elf/14.2.0/../../../../riscv32-unknown-elf/lib/libc_nano.a(libc_a-sbrkr.o)
                0x102027cc                _sbrk_r
 .text._malloc_usable_size_r
                0x102027fa       0x14 /opt/riscv/lib/gcc/riscv32-unknown-elf/14.2.0/../../../../riscv32-unknown-elf/lib/libc_nano.a(libc_a-msizer.o)
                0x102027fa                _malloc_usable_size_r
 .text._vsnprintf_r
                0x1020280e       0x68 /opt/riscv/lib/gcc/riscv32-unknown-elf/14.2.0/../../../../riscv32-unknown-elf/lib/libc_nano.a(libc_a-vsnprintf.o)
                0x1020280e                _vsnprintf_r
                0x1020280e                _vsniprintf_r
 .text.vsnprintf
                0x10202876       0x12 /opt/riscv/lib/gcc/riscv32-unknown-elf/14.2.0/../../../../riscv32-unknown-elf/lib/libc_nano.a(libc_a-vsnprintf.o)
                0x10202876                vsnprintf
                0x10202876                vsniprintf
 .text.strncpy  0x10202888       0x24 /opt/riscv/lib/gcc/riscv32-unknown-elf/14.2.0/../../../../riscv32-unknown-elf/lib/libc_nano.a(libc_a-strncpy.o)
                0x10202888                strncpy
 .text.strnlen  0x102028ac       0x18 /opt/riscv/lib/gcc/riscv32-unknown-elf/14.2.0/../../../../riscv32-unknown-elf/lib/libc_nano.a(libc_a-strnlen.o)
                0x102028ac                strnlen
 .text.strlen   0x102028c4       0x12 /opt/riscv/lib/gcc/riscv32-unknown-elf/14.2.0/../../../../riscv32-unknown-elf/lib/libc_nano.a(libc_a-strlen.o)
                0x102028c4                strlen
 .text._sbrk    0x102028d6       0x4c /opt/riscv/lib/gcc/riscv32-unknown-elf/14.2.0/../../../../riscv32-unknown-elf/lib/libgloss_nano.a(riscv_libgloss_a-sys_sbrk.o)
                0x102028d6                _sbrk
 .text.__errno  0x10202922        0xa /opt/riscv/lib/gcc/riscv32-unknown-elf/14.2.0/../../../../riscv32-unknown-elf/lib/libc_nano.a(libc_a-errno.o)
                0x10202922                __errno
                0x1020292c                        _etext = .
                0x1020292c                        __CTOR_LIST__ = .
                0x1020292c        0x4 LONG 0x0 (((__CTOR_END__ - __CTOR_LIST__) / 0x4) - 0x2)
 *(.ctors)
                0x10202930        0x4 LONG 0x0
                0x10202934                        __CTOR_END__ = .
                0x10202934                        __DTOR_LIST__ = .
                0x10202934        0x4 LONG 0x0 (((__DTOR_END__ - __DTOR_LIST__) / 0x4) - 0x2)
 *(.dtors)
                0x10202938        0x4 LONG 0x0
                0x1020293c                        __DTOR_END__ = .
 *(.lit)
 *(.shdata)
                0x1020293c                        _endtext = .

.preinit_array  0x1020293c        0x0
                [!provide]                        PROVIDE (__preinit_array_start = .)
 *(.preinit_array)
                [!provide]                        PROVIDE (__preinit_array_end = .)

.init_array     0x1020293c        0x0
                [!provide]                        PROVIDE (__init_array_start = .)
 *(SORT_BY_NAME(.init_array.*))
 *(.init_array)
                [!provide]                        PROVIDE (__init_array_end = .)

.fini_array     0x1020293c        0x0
                [!provide]                        PROVIDE (__fini_array_start = .)
 *(SORT_BY_NAME(.fini_array.*))
 *(.fini_array)
                [!provide]                        PROVIDE (__fini_array_end = .)

.rodata         0x1020293c      0xbf4
                0x1020293c                        . = ALIGN (0x4)
 *(.rodata)
 .rodata        0x1020293c       0x50 ../bsp//libhal_bsp.a(mmc.o)
 .rodata        0x1020298c      0x100 /opt/riscv/lib/gcc/riscv32-unknown-elf/14.2.0/libgcc.a(_clz.o)
                0x1020298c                __clz_tab
 *(.rodata.*)
 .rodata.sdcard_read.constprop.0.str1.4
                0x10202a8c       0x18 /tmp/ccWbRqB7.ltrans0.ltrans.o
 .rodata.main.str1.4
                0x10202a8c      0x169 /tmp/ccWbRqB7.ltrans0.ltrans.o
 .rodata.main   0x10202a8c       0x14 /tmp/ccWbRqB7.ltrans0.ltrans.o
 .rodata.Font12_Table
                0x10202aa0      0x474 /tmp/ccWbRqB7.ltrans0.ltrans.o
 .rodata.crc32_tab
                0x10202f14      0x400 /tmp/ccWbRqB7.ltrans0.ltrans.o
 .rodata.str1.4
                0x10203314      0x1c1 ../bsp//libhal_bsp.a(ocsdc.o)
                                  0x6 (size before relaxing)
 .rodata._svfprintf_r.str1.4
                0x102034d5       0x13 /opt/riscv/lib/gcc/riscv32-unknown-elf/14.2.0/../../../../riscv32-unknown-elf/lib/libc_nano.a(libc_a-nano-svfprintf.o)
 .rodata._printf_i.str1.4
                0x102034d5       0x25 /opt/riscv/lib/gcc/riscv32-unknown-elf/14.2.0/../../../../riscv32-unknown-elf/lib/libc_nano.a(libc_a-nano-vfprintf_i.o)
 *fill*         0x102034d5        0x3 
 .rodata._printf_i
                0x102034d8       0x58 /opt/riscv/lib/gcc/riscv32-unknown-elf/14.2.0/../../../../riscv32-unknown-elf/lib/libc_nano.a(libc_a-nano-vfprintf_i.o)

.rela.dyn       0x10203530        0x0
 .rela.text     0x10203530        0x0 obj/default/crt0.o
 .rela.data._impure_data
                0x10203530        0x0 obj/default/crt0.o
 .rela.text._svfprintf_r
                0x10203530        0x0 obj/default/crt0.o

.data           0x10203530       0x6c
                0x10203530                        . = ALIGN (0x4)
                0x10203530                        sdata = .
                0x10203530                        _sdata = .
 *(.data)
 *(.data.*)
 .data.init     0x10203530       0x19 /tmp/ccWbRqB7.ltrans0.ltrans.o
 *fill*         0x10203549        0x3 
 .data._impure_data
                0x1020354c       0x4c /opt/riscv/lib/gcc/riscv32-unknown-elf/14.2.0/../../../../riscv32-unknown-elf/lib/libc_nano.a(libc_a-impure.o)
                0x1020354c                _impure_data
 *(.sdata)
 *(.sdata.*)
 .sdata._impure_ptr
                0x10203598        0x4 /opt/riscv/lib/gcc/riscv32-unknown-elf/14.2.0/../../../../riscv32-unknown-elf/lib/libc_nano.a(libc_a-impure.o)
                0x10203598                _impure_ptr
 *(.sdata2)
 *(.sdata2.*)
                0x1020359c                        edata = .
                0x1020359c                        _edata = .

.bss            0x102035a0      0x108
                0x102035a0                        . = ALIGN (0x4)
                0x102035a0                        _bss_start = .
 *(.bss)
 .bss           0x102035a0       0xb0 ../bsp//libhal_bsp.a(ocsdc.o)
                0x102035a0                mmc
 *(.bss.*)
 .bss.row2      0x10203650       0x11 /tmp/ccWbRqB7.ltrans0.ltrans.o
 *fill*         0x10203661        0x3 
 .bss.row1      0x10203664       0x11 /tmp/ccWbRqB7.ltrans0.ltrans.o
 *(.sbss)
 *fill*         0x10203675        0x3 
 .sbss          0x10203678        0xc ../bsp//libhal_bsp.a(alt_main.o)
                0x10203678                alt_envp
                0x1020367c                alt_argv
                0x10203680                alt_argc
 .sbss          0x10203684        0x8 ../bsp//libhal_bsp.a(altera_avalon_timer_vars.o)
                0x10203684                altera_avalon_timer_ts_freq
                0x10203688                altera_avalon_timer_ts_base
 .sbss          0x1020368c        0x8 ../bsp//libhal_bsp.a(ocsdc.o)
                0x1020368c                priv
 *(.sbss.*)
 .sbss.mmc_dev  0x10203694        0x4 /tmp/ccWbRqB7.ltrans0.ltrans.o
 .sbss.__malloc_sbrk_start
                0x10203698        0x4 /opt/riscv/lib/gcc/riscv32-unknown-elf/14.2.0/../../../../riscv32-unknown-elf/lib/libc_nano.a(libc_a-mallocr.o)
                0x10203698                __malloc_sbrk_start
 .sbss.__malloc_free_list
                0x1020369c        0x4 /opt/riscv/lib/gcc/riscv32-unknown-elf/14.2.0/../../../../riscv32-unknown-elf/lib/libc_nano.a(libc_a-mallocr.o)
                0x1020369c                __malloc_free_list
 .sbss.errno    0x102036a0        0x4 /opt/riscv/lib/gcc/riscv32-unknown-elf/14.2.0/../../../../riscv32-unknown-elf/lib/libc_nano.a(libc_a-reent.o)
                0x102036a0                errno
 .sbss.heap_end.0
                0x102036a4        0x4 /opt/riscv/lib/gcc/riscv32-unknown-elf/14.2.0/../../../../riscv32-unknown-elf/lib/libgloss_nano.a(riscv_libgloss_a-sys_sbrk.o)
 *(COMMON)
                0x102036a8                        _bss_end = .

.stack          0x102036a8     0x1000
                0x102036a8                        . = ALIGN (0x4)
                0x102046a8                        . = (. + _min_stack)
 *fill*         0x102036a8     0x1000 
                0x102046a8                        . = ALIGN (0x4)
                0x102046a8                        stack = .
                0x102046a8                        _stack = .

.stab
 *(.stab)

.stabstr
 *(.stabstr)
OUTPUT(sys_controller_dfu.elf elf32-littleriscv)

.comment        0x00000000       0x2c
 .comment       0x00000000       0x1b /tmp/ccWbRqB7.ltrans0.ltrans.o
 .comment       0x00000000       0x2c ../bsp//libhal_bsp.a(alt_main.o)
                                 0x1b (size before relaxing)
 .comment       0x0000002c       0x1b ../bsp//libhal_bsp.a(alt_usleep.o)
 .comment       0x0000002c       0x1b ../bsp//libhal_bsp.a(alt_sys_init.o)
 .comment       0x0000002c       0x1b ../bsp//libhal_bsp.a(altera_avalon_timer_ts.o)
 .comment       0x0000002c       0x1b ../bsp//libhal_bsp.a(altera_avalon_timer_vars.o)
 .comment       0x0000002c       0x1b ../bsp//libhal_bsp.a(i2c_opencores.o)
 .comment       0x0000002c       0x1b ../bsp//libhal_bsp.a(mmc.o)
 .comment       0x0000002c       0x1b ../bsp//libhal_bsp.a(ocsdc.o)
 .comment       0x0000002c       0x1b ../bsp//libhal_bsp.a(alt_busy_sleep.o)
 .comment       0x0000002c       0x1b /opt/riscv/lib/gcc/riscv32-unknown-elf/14.2.0/libgcc.a(_bswapsi2.o)
 .comment       0x0000002c       0x1b /opt/riscv/lib/gcc/riscv32-unknown-elf/14.2.0/libgcc.a(_udivdi3.o)
 .comment       0x0000002c       0x1b /opt/riscv/lib/gcc/riscv32-unknown-elf/14.2.0/libgcc.a(_clz.o)
 .comment       0x0000002c       0x13 /opt/riscv/lib/gcc/riscv32-unknown-elf/14.2.0/../../../../riscv32-unknown-elf/lib/libc_nano.a(libc_a-snprintf.o)
 .comment       0x0000002c       0x13 /opt/riscv/lib/gcc/riscv32-unknown-elf/14.2.0/../../../../riscv32-unknown-elf/lib/libc_nano.a(libc_a-memcmp.o)
 .comment       0x0000002c       0x13 /opt/riscv/lib/gcc/riscv32-unknown-elf/14.2.0/../../../../riscv32-unknown-elf/lib/libc_nano.a(libc_a-impure.o)
 .comment       0x0000002c       0x13 /opt/riscv/lib/gcc/riscv32-unknown-elf/14.2.0/../../../../riscv32-unknown-elf/lib/libc_nano.a(libc_a-strcpy.o)
 .comment       0x0000002c       0x13 /opt/riscv/lib/gcc/riscv32-unknown-elf/14.2.0/../../../../riscv32-unknown-elf/lib/libc_nano.a(libc_a-nano-svfprintf.o)
 .comment       0x0000002c       0x13 /opt/riscv/lib/gcc/riscv32-unknown-elf/14.2.0/../../../../riscv32-unknown-elf/lib/libc_nano.a(libc_a-nano-vfprintf_i.o)
 .comment       0x0000002c       0x13 /opt/riscv/lib/gcc/riscv32-unknown-elf/14.2.0/../../../../riscv32-unknown-elf/lib/libc_nano.a(libc_a-memchr.o)
 .comment       0x0000002c       0x13 /opt/riscv/lib/gcc/riscv32-unknown-elf/14.2.0/../../../../riscv32-unknown-elf/lib/libc_nano.a(libc_a-freer.o)
 .comment       0x0000002c       0x13 /opt/riscv/lib/gcc/riscv32-unknown-elf/14.2.0/../../../../riscv32-unknown-elf/lib/libc_nano.a(libc_a-mallocr.o)
 .comment       0x0000002c       0x13 /opt/riscv/lib/gcc/riscv32-unknown-elf/14.2.0/../../../../riscv32-unknown-elf/lib/libc_nano.a(libc_a-mlock.o)
 .comment       0x0000002c       0x13 /opt/riscv/lib/gcc/riscv32-unknown-elf/14.2.0/../../../../riscv32-unknown-elf/lib/libc_nano.a(libc_a-reallocr.o)
 .comment       0x0000002c       0x13 /opt/riscv/lib/gcc/riscv32-unknown-elf/14.2.0/../../../../riscv32-unknown-elf/lib/libc_nano.a(libc_a-sbrkr.o)
 .comment       0x0000002c       0x13 /opt/riscv/lib/gcc/riscv32-unknown-elf/14.2.0/../../../../riscv32-unknown-elf/lib/libc_nano.a(libc_a-msizer.o)
 .comment       0x0000002c       0x13 /opt/riscv/lib/gcc/riscv32-unknown-elf/14.2.0/../../../../riscv32-unknown-elf/lib/libc_nano.a(libc_a-reent.o)
 .comment       0x0000002c       0x13 /opt/riscv/lib/gcc/riscv32-unknown-elf/14.2.0/../../../../riscv32-unknown-elf/lib/libc_nano.a(libc_a-vsnprintf.o)
 .comment       0x0000002c       0x13 /opt/riscv/lib/gcc/riscv32-unknown-elf/14.2.0/../../../../riscv32-unknown-elf/lib/libc_nano.a(libc_a-strncpy.o)
 .comment       0x0000002c       0x13 /opt/riscv/lib/gcc/riscv32-unknown-elf/14.2.0/../../../../riscv32-unknown-elf/lib/libc_nano.a(libc_a-strnlen.o)
 .comment       0x0000002c       0x13 /opt/riscv/lib/gcc/riscv32-unknown-elf/14.2.0/../../../../riscv32-unknown-elf/lib/libc_nano.a(libc_a-strlen.o)
 .comment       0x0000002c       0x13 /opt/riscv/lib/gcc/riscv32-unknown-elf/14.2.0/../../../../riscv32-unknown-elf/lib/libgloss_nano.a(riscv_libgloss_a-sys_sbrk.o)
 .comment       0x0000002c       0x13 /opt/riscv/lib/gcc/riscv32-unknown-elf/14.2.0/../../../../riscv32-unknown-elf/lib/libc_nano.a(libc_a-errno.o)

.note.GNU-stack
                0x00000000        0x0
 .note.GNU-stack
                0x00000000        0x0 /tmp/ccWbRqB7.ltrans0.ltrans.o
 .note.GNU-stack
                0x00000000        0x0 ../bsp//libhal_bsp.a(alt_main.o)
 .note.GNU-stack
                0x00000000        0x0 ../bsp//libhal_bsp.a(alt_usleep.o)
 .note.GNU-stack
                0x00000000        0x0 ../bsp//libhal_bsp.a(alt_sys_init.o)
 .note.GNU-stack
                0x00000000        0x0 ../bsp//libhal_bsp.a(altera_avalon_timer_ts.o)
 .note.GNU-stack
                0x00000000        0x0 ../bsp//libhal_bsp.a(altera_avalon_timer_vars.o)
 .note.GNU-stack
                0x00000000        0x0 ../bsp//libhal_bsp.a(i2c_opencores.o)
 .note.GNU-stack
                0x00000000        0x0 ../bsp//libhal_bsp.a(mmc.o)
 .note.GNU-stack
                0x00000000        0x0 ../bsp//libhal_bsp.a(ocsdc.o)
 .note.GNU-stack
                0x00000000        0x0 ../bsp//libhal_bsp.a(alt_busy_sleep.o)
 .note.GNU-stack
                0x00000000        0x0 /opt/riscv/lib/gcc/riscv32-unknown-elf/14.2.0/libgcc.a(_bswapsi2.o)
 .note.GNU-stack
                0x00000000        0x0 /opt/riscv/lib/gcc/riscv32-unknown-elf/14.2.0/libgcc.a(_udivdi3.o)
 .note.GNU-stack
                0x00000000        0x0 /opt/riscv/lib/gcc/riscv32-unknown-elf/14.2.0/libgcc.a(_clz.o)
 .note.GNU-stack
                0x00000000        0x0 /opt/riscv/lib/gcc/riscv32-unknown-elf/14.2.0/../../../../riscv32-unknown-elf/lib/libc_nano.a(libc_a-snprintf.o)
 .note.GNU-stack
                0x00000000        0x0 /opt/riscv/lib/gcc/riscv32-unknown-elf/14.2.0/../../../../riscv32-unknown-elf/lib/libc_nano.a(libc_a-memcmp.o)
 .note.GNU-stack
                0x00000000        0x0 /opt/riscv/lib/gcc/riscv32-unknown-elf/14.2.0/../../../../riscv32-unknown-elf/lib/libc_nano.a(libc_a-impure.o)
 .note.GNU-stack
                0x00000000        0x0 /opt/riscv/lib/gcc/riscv32-unknown-elf/14.2.0/../../../../riscv32-unknown-elf/lib/libc_nano.a(libc_a-strcpy.o)
 .note.GNU-stack
                0x00000000        0x0 /opt/riscv/lib/gcc/riscv32-unknown-elf/14.2.0/../../../../riscv32-unknown-elf/lib/libc_nano.a(libc_a-nano-svfprintf.o)
 .note.GNU-stack
                0x00000000        0x0 /opt/riscv/lib/gcc/riscv32-unknown-elf/14.2.0/../../../../riscv32-unknown-elf/lib/libc_nano.a(libc_a-nano-vfprintf_i.o)
 .note.GNU-stack
                0x00000000        0x0 /opt/riscv/lib/gcc/riscv32-unknown-elf/14.2.0/../../../../riscv32-unknown-elf/lib/libc_nano.a(libc_a-memchr.o)
 .note.GNU-stack
                0x00000000        0x0 /opt/riscv/lib/gcc/riscv32-unknown-elf/14.2.0/../../../../riscv32-unknown-elf/lib/libc_nano.a(libc_a-freer.o)
 .note.GNU-stack
                0x00000000        0x0 /opt/riscv/lib/gcc/riscv32-unknown-elf/14.2.0/../../../../riscv32-unknown-elf/lib/libc_nano.a(libc_a-mallocr.o)
 .note.GNU-stack
                0x00000000        0x0 /opt/riscv/lib/gcc/riscv32-unknown-elf/14.2.0/../../../../riscv32-unknown-elf/lib/libc_nano.a(libc_a-mlock.o)
 .note.GNU-stack
                0x00000000        0x0 /opt/riscv/lib/gcc/riscv32-unknown-elf/14.2.0/../../../../riscv32-unknown-elf/lib/libc_nano.a(libc_a-reallocr.o)
 .note.GNU-stack
                0x00000000        0x0 /opt/riscv/lib/gcc/riscv32-unknown-elf/14.2.0/../../../../riscv32-unknown-elf/lib/libc_nano.a(libc_a-sbrkr.o)
 .note.GNU-stack
                0x00000000        0x0 /opt/riscv/lib/gcc/riscv32-unknown-elf/14.2.0/../../../../riscv32-unknown-elf/lib/libc_nano.a(libc_a-msizer.o)
 .note.GNU-stack
                0x00000000        0x0 /opt/riscv/lib/gcc/riscv32-unknown-elf/14.2.0/../../../../riscv32-unknown-elf/lib/libc_nano.a(libc_a-reent.o)
 .note.GNU-stack
                0x00000000        0x0 /opt/riscv/lib/gcc/riscv32-unknown-elf/14.2.0/../../../../riscv32-unknown-elf/lib/libc_nano.a(libc_a-vsnprintf.o)
 .note.GNU-stack
                0x00000000        0x0 /opt/riscv/lib/gcc/riscv32-unknown-elf/14.2.0/../../../../riscv32-unknown-elf/lib/libc_nano.a(libc_a-strncpy.o)
 .note.GNU-stack
                0x00000000        0x0 /opt/riscv/lib/gcc/riscv32-unknown-elf/14.2.0/../../../../riscv32-unknown-elf/lib/libc_nano.a(libc_a-strnlen.o)
 .note.GNU-stack
                0x00000000        0x0 /opt/riscv/lib/gcc/riscv32-unknown-elf/14.2.0/../../../../riscv32-unknown-elf/lib/libc_nano.a(libc_a-strlen.o)
 .note.GNU-stack
                0x00000000        0x0 /opt/riscv/lib/gcc/riscv32-unknown-elf/14.2.0/../../../../riscv32-unknown-elf/lib/libgloss_nano.a(riscv_libgloss_a-sys_sbrk.o)
 .note.GNU-stack
                0x00000000        0x0 /opt/riscv/lib/gcc/riscv32-unknown-elf/14.2.0/../../../../riscv32-unknown-elf/lib/libc_nano.a(libc_a-errno.o)

.riscv.attributes
                0x00000000       0x44
 .riscv.attributes
                0x00000000       0x44 /tmp/ccWbRqB7.ltrans0.ltrans.o
 .riscv.attributes
                0x00000044       0x3d obj/default/crt0.o
 .riscv.attributes
                0x00000081       0x44 ../bsp//libhal_bsp.a(alt_main.o)
 .riscv.attributes
                0x000000c5       0x2f ../bsp//libhal_bsp.a(alt_usleep.o)
 .riscv.attributes
                0x000000f4       0x44 ../bsp//libhal_bsp.a(alt_sys_init.o)
 .riscv.attributes
                0x00000138       0x44 ../bsp//libhal_bsp.a(altera_avalon_timer_ts.o)
 .riscv.attributes
                0x0000017c       0x44 ../bsp//libhal_bsp.a(altera_avalon_timer_vars.o)
 .riscv.attributes
                0x000001c0       0x2f ../bsp//libhal_bsp.a(i2c_opencores.o)
 .riscv.attributes
                0x000001ef       0x2f ../bsp//libhal_bsp.a(mmc.o)
 .riscv.attributes
                0x0000021e       0x2f ../bsp//libhal_bsp.a(ocsdc.o)
 .riscv.attributes
                0x0000024d       0x44 ../bsp//libhal_bsp.a(alt_busy_sleep.o)
 .riscv.attributes
                0x00000291       0x2f /opt/riscv/lib/gcc/riscv32-unknown-elf/14.2.0/libgcc.a(_bswapsi2.o)
 .riscv.attributes
                0x000002c0       0x2f /opt/riscv/lib/gcc/riscv32-unknown-elf/14.2.0/libgcc.a(_udivdi3.o)
 .riscv.attributes
                0x000002ef       0x2f /opt/riscv/lib/gcc/riscv32-unknown-elf/14.2.0/libgcc.a(_clz.o)
 .riscv.attributes
                0x0000031e       0x2f /opt/riscv/lib/gcc/riscv32-unknown-elf/14.2.0/../../../../riscv32-unknown-elf/lib/libc_nano.a(libc_a-snprintf.o)
 .riscv.attributes
                0x0000034d       0x2f /opt/riscv/lib/gcc/riscv32-unknown-elf/14.2.0/../../../../riscv32-unknown-elf/lib/libc_nano.a(libc_a-memcmp.o)
 .riscv.attributes
                0x0000037c       0x2f /opt/riscv/lib/gcc/riscv32-unknown-elf/14.2.0/../../../../riscv32-unknown-elf/lib/libc_nano.a(libc_a-impure.o)
 .riscv.attributes
                0x000003ab       0x2d /opt/riscv/lib/gcc/riscv32-unknown-elf/14.2.0/../../../../riscv32-unknown-elf/lib/libc_nano.a(libc_a-memcpy-asm.o)
 .riscv.attributes
                0x000003d8       0x2f /opt/riscv/lib/gcc/riscv32-unknown-elf/14.2.0/../../../../riscv32-unknown-elf/lib/libc_nano.a(libc_a-strcpy.o)
 .riscv.attributes
                0x00000407       0x2f /opt/riscv/lib/gcc/riscv32-unknown-elf/14.2.0/../../../../riscv32-unknown-elf/lib/libc_nano.a(libc_a-nano-svfprintf.o)
 .riscv.attributes
                0x00000436       0x2f /opt/riscv/lib/gcc/riscv32-unknown-elf/14.2.0/../../../../riscv32-unknown-elf/lib/libc_nano.a(libc_a-nano-vfprintf_i.o)
 .riscv.attributes
                0x00000465       0x2f /opt/riscv/lib/gcc/riscv32-unknown-elf/14.2.0/../../../../riscv32-unknown-elf/lib/libc_nano.a(libc_a-memchr.o)
 .riscv.attributes
                0x00000494       0x2d /opt/riscv/lib/gcc/riscv32-unknown-elf/14.2.0/../../../../riscv32-unknown-elf/lib/libc_nano.a(libc_a-memmove.o)
 .riscv.attributes
                0x000004c1       0x2f /opt/riscv/lib/gcc/riscv32-unknown-elf/14.2.0/../../../../riscv32-unknown-elf/lib/libc_nano.a(libc_a-freer.o)
 .riscv.attributes
                0x000004f0       0x2f /opt/riscv/lib/gcc/riscv32-unknown-elf/14.2.0/../../../../riscv32-unknown-elf/lib/libc_nano.a(libc_a-mallocr.o)
 .riscv.attributes
                0x0000051f       0x2f /opt/riscv/lib/gcc/riscv32-unknown-elf/14.2.0/../../../../riscv32-unknown-elf/lib/libc_nano.a(libc_a-mlock.o)
 .riscv.attributes
                0x0000054e       0x2f /opt/riscv/lib/gcc/riscv32-unknown-elf/14.2.0/../../../../riscv32-unknown-elf/lib/libc_nano.a(libc_a-reallocr.o)
 .riscv.attributes
                0x0000057d       0x2f /opt/riscv/lib/gcc/riscv32-unknown-elf/14.2.0/../../../../riscv32-unknown-elf/lib/libc_nano.a(libc_a-sbrkr.o)
 .riscv.attributes
                0x000005ac       0x2f /opt/riscv/lib/gcc/riscv32-unknown-elf/14.2.0/../../../../riscv32-unknown-elf/lib/libc_nano.a(libc_a-msizer.o)
 .riscv.attributes
                0x000005db       0x2f /opt/riscv/lib/gcc/riscv32-unknown-elf/14.2.0/../../../../riscv32-unknown-elf/lib/libc_nano.a(libc_a-reent.o)
 .riscv.attributes
                0x0000060a       0x2f /opt/riscv/lib/gcc/riscv32-unknown-elf/14.2.0/../../../../riscv32-unknown-elf/lib/libc_nano.a(libc_a-vsnprintf.o)
 .riscv.attributes
                0x00000639       0x2f /opt/riscv/lib/gcc/riscv32-unknown-elf/14.2.0/../../../../riscv32-unknown-elf/lib/libc_nano.a(libc_a-strncpy.o)
 .riscv.attributes
                0x00000668       0x2f /opt/riscv/lib/gcc/riscv32-unknown-elf/14.2.0/../../../../riscv32-unknown-elf/lib/libc_nano.a(libc_a-strnlen.o)
 .riscv.attributes
                0x00000697       0x2f /opt/riscv/lib/gcc/riscv32-unknown-elf/14.2.0/../../../../riscv32-unknown-elf/lib/libc_nano.a(libc_a-strlen.o)
 .riscv.attributes
                0x000006c6       0x2f /opt/riscv/lib/gcc/riscv32-unknown-elf/14.2.0/../../../../riscv32-unknown-elf/lib/libgloss_nano.a(riscv_libgloss_a-sys_sbrk.o)
 .riscv.attributes
                0x000006f5       0x2f /opt/riscv/lib/gcc/riscv32-unknown-elf/14.2.0/../../../../riscv32-unknown-elf/lib/libc_nano.a(libc_a-errno.o)

.debug_line     0x00000000      0xb5d
 .debug_line    0x00000000       0xe7 obj/default/crt0.o
 .debug_line    0x000000e7       0x9b /opt/riscv/lib/gcc/riscv32-unknown-elf/14.2.0/libgcc.a(_bswapsi2.o)
 .debug_line    0x00000182      0x99c /opt/riscv/lib/gcc/riscv32-unknown-elf/14.2.0/libgcc.a(_udivdi3.o)
 .debug_line    0x00000b1e       0x3f /opt/riscv/lib/gcc/riscv32-unknown-elf/14.2.0/libgcc.a(_clz.o)

.debug_info     0x00000000      0x96b
 .debug_info    0x00000000       0x22 obj/default/crt0.o
 .debug_info    0x00000022       0xe6 /opt/riscv/lib/gcc/riscv32-unknown-elf/14.2.0/libgcc.a(_bswapsi2.o)
 .debug_info    0x00000108      0x776 /opt/riscv/lib/gcc/riscv32-unknown-elf/14.2.0/libgcc.a(_udivdi3.o)
 .debug_info    0x0000087e       0xed /opt/riscv/lib/gcc/riscv32-unknown-elf/14.2.0/libgcc.a(_clz.o)

.debug_abbrev   0x00000000      0x28d
 .debug_abbrev  0x00000000       0x12 obj/default/crt0.o
 .debug_abbrev  0x00000012       0x65 /opt/riscv/lib/gcc/riscv32-unknown-elf/14.2.0/libgcc.a(_bswapsi2.o)
 .debug_abbrev  0x00000077      0x1a6 /opt/riscv/lib/gcc/riscv32-unknown-elf/14.2.0/libgcc.a(_udivdi3.o)
 .debug_abbrev  0x0000021d       0x70 /opt/riscv/lib/gcc/riscv32-unknown-elf/14.2.0/libgcc.a(_clz.o)

.debug_aranges  0x00000000       0x80
 .debug_aranges
                0x00000000       0x28 obj/default/crt0.o
 .debug_aranges
                0x00000028       0x20 /opt/riscv/lib/gcc/riscv32-unknown-elf/14.2.0/libgcc.a(_bswapsi2.o)
 .debug_aranges
                0x00000048       0x20 /opt/riscv/lib/gcc/riscv32-unknown-elf/14.2.0/libgcc.a(_udivdi3.o)
 .debug_aranges
                0x00000068       0x18 /opt/riscv/lib/gcc/riscv32-unknown-elf/14.2.0/libgcc.a(_clz.o)

.debug_str      0x00000000      0x304
 .debug_str     0x00000000      0x304 obj/default/crt0.o
                                 0x3c (size before relaxing)
 .debug_str     0x00000304      0x1bc /opt/riscv/lib/gcc/riscv32-unknown-elf/14.2.0/libgcc.a(_bswapsi2.o)
 .debug_str     0x00000304      0x26f /opt/riscv/lib/gcc/riscv32-unknown-elf/14.2.0/libgcc.a(_udivdi3.o)
 .debug_str     0x00000304      0x1bc /opt/riscv/lib/gcc/riscv32-unknown-elf/14.2.0/libgcc.a(_clz.o)

.debug_ranges   0x00000000       0x20
 .debug_ranges  0x00000000       0x20 obj/default/crt0.o

.debug_loclists
                0x00000000      0x609
 .debug_loclists
                0x00000000       0x20 /opt/riscv/lib/gcc/riscv32-unknown-elf/14.2.0/libgcc.a(_bswapsi2.o)
 .debug_loclists
                0x00000020      0x5e9 /opt/riscv/lib/gcc/riscv32-unknown-elf/14.2.0/libgcc.a(_udivdi3.o)

.debug_line_str
                0x00000000       0x97
 .debug_line_str
                0x00000000       0x97 /opt/riscv/lib/gcc/riscv32-unknown-elf/14.2.0/libgcc.a(_bswapsi2.o)
                                0x102 (size before relaxing)
 .debug_line_str
                0x00000097      0x102 /opt/riscv/lib/gcc/riscv32-unknown-elf/14.2.0/libgcc.a(_udivdi3.o)
 .debug_line_str
                0x00000097      0x102 /opt/riscv/lib/gcc/riscv32-unknown-elf/14.2.0/libgcc.a(_clz.o)

.debug_frame    0x00000000       0x20
 .debug_frame   0x00000000       0x20 /opt/riscv/lib/gcc/riscv32-unknown-elf/14.2.0/libgcc.a(_bswapsi2.o)

.debug_rnglists
                0x00000000       0xc1
 .debug_rnglists
                0x00000000       0xc1 /opt/riscv/lib/gcc/riscv32-unknown-elf/14.2.0/libgcc.a(_udivdi3.o)
